// Jest Snapshot v1, https://goo.gl/fbAQLP

exports[`<LineChart /> snapshot 1`] = `
ShallowWrapper {
  Symbol(enzyme.__root__): [Circular],
  Symbol(enzyme.__unrendered__): <LineChart
    className=""
    colorScheme="light"
    data={
      Array [
        Object {
          "dataSetName": "first",
          "description": "this is first",
          "lineColor": "red",
          "showTrendLine": true,
          "values": Array [
            Object {
              "x": 0,
              "y": 10,
            },
            Object {
              "x": 1,
              "y": 20,
            },
            Object {
              "x": 2,
              "y": 15,
            },
            Object {
              "x": 3,
              "y": 40,
            },
          ],
        },
        Object {
          "dataSetName": "second",
          "description": "this is second",
          "lineColor": "blue",
          "values": Array [
            Object {
              "x": 0,
              "y": 20,
            },
            Object {
              "x": 1,
              "y": 30,
            },
            Object {
              "x": 2,
              "y": 19,
            },
            Object {
              "x": 3,
              "y": 50,
            },
          ],
        },
      ]
    }
    title="chart title"
  />,
  Symbol(enzyme.__renderer__): Object {
    "batchedUpdates": [Function],
    "checkPropTypes": [Function],
    "getNode": [Function],
    "render": [Function],
    "simulateError": [Function],
    "simulateEvent": [Function],
    "unmount": [Function],
  },
  Symbol(enzyme.__node__): Object {
    "instance": null,
    "key": undefined,
    "nodeType": "function",
    "props": Object {
      "children": Array [
        <a />,
        <Legend
          series={
            Array [
              Object {
                "color": "red",
                "description": "this is first",
                "title": "first",
              },
              Object {
                "color": "blue",
                "description": "this is second",
                "title": "second",
              },
            ]
          }
        />,
      ],
      "className": "",
      "title": "chart title",
    },
    "ref": null,
    "rendered": Array [
      Object {
        "instance": null,
        "key": undefined,
        "nodeType": "function",
        "props": Object {},
        "ref": null,
        "rendered": null,
        "type": [Function],
      },
      Object {
        "instance": null,
        "key": undefined,
        "nodeType": "class",
        "props": Object {
          "series": Array [
            Object {
              "color": "red",
              "description": "this is first",
              "title": "first",
            },
            Object {
              "color": "blue",
              "description": "this is second",
              "title": "second",
            },
          ],
        },
        "ref": null,
        "rendered": null,
        "type": [Function],
      },
    ],
    "type": [Function],
  },
  Symbol(enzyme.__nodes__): Array [
    Object {
      "instance": null,
      "key": undefined,
      "nodeType": "function",
      "props": Object {
        "children": Array [
          <a />,
          <Legend
            series={
              Array [
                Object {
                  "color": "red",
                  "description": "this is first",
                  "title": "first",
                },
                Object {
                  "color": "blue",
                  "description": "this is second",
                  "title": "second",
                },
              ]
            }
          />,
        ],
        "className": "",
        "title": "chart title",
      },
      "ref": null,
      "rendered": Array [
        Object {
          "instance": null,
          "key": undefined,
          "nodeType": "function",
          "props": Object {},
          "ref": null,
          "rendered": null,
          "type": [Function],
        },
        Object {
          "instance": null,
          "key": undefined,
          "nodeType": "class",
          "props": Object {
            "series": Array [
              Object {
                "color": "red",
                "description": "this is first",
                "title": "first",
              },
              Object {
                "color": "blue",
                "description": "this is second",
                "title": "second",
              },
            ],
          },
          "ref": null,
          "rendered": null,
          "type": [Function],
        },
      ],
      "type": [Function],
    },
  ],
  Symbol(enzyme.__options__): Object {
    "adapter": ReactSixteenAdapter {
      "options": Object {
        "enableComponentDidUpdateOnSetState": true,
        "legacyContextMode": "parent",
        "lifecycles": Object {
          "componentDidUpdate": Object {
            "onSetState": true,
          },
          "getChildContext": Object {
            "calledByRenderer": false,
          },
          "getDerivedStateFromError": true,
          "getDerivedStateFromProps": Object {
            "hasShouldComponentUpdateBug": false,
          },
          "getSnapshotBeforeUpdate": true,
          "setState": Object {
            "skipsComponentDidUpdateOnNullish": true,
          },
        },
      },
    },
  },
}
`;
