// Jest Snapshot v1, https://goo.gl/fbAQLP

exports[`<Icon /> Icon renders target 1`] = `
ReactWrapper {
  Symbol(enzyme.__unrendered__): <Icon
    size="md"
    type="target"
  />,
  Symbol(enzyme.__renderer__): Object {
    "batchedUpdates": [Function],
    "getNode": [Function],
    "getWrappingComponentRenderer": [Function],
    "render": [Function],
    "simulateError": [Function],
    "simulateEvent": [Function],
    "unmount": [Function],
  },
  Symbol(enzyme.__root__): [Circular],
  Symbol(enzyme.__node__): Object {
    "instance": null,
    "key": undefined,
    "nodeType": "function",
    "props": Object {
      "size": "md",
      "type": "target",
    },
    "ref": null,
    "rendered": Object {
      "instance": null,
      "key": undefined,
      "nodeType": "function",
      "props": Object {
        "color": "currentColor",
        "size": 36,
      },
      "ref": null,
      "rendered": Object {
        "instance": <svg
          fill="none"
          height="36"
          stroke="currentColor"
          stroke-linecap="round"
          stroke-linejoin="round"
          stroke-width="2"
          viewBox="0 0 24 24"
          width="36"
          xmlns="http://www.w3.org/2000/svg"
        >
          <circle
            cx="12"
            cy="12"
            r="10"
          />
          <circle
            cx="12"
            cy="12"
            r="6"
          />
          <circle
            cx="12"
            cy="12"
            r="2"
          />
        </svg>,
        "key": undefined,
        "nodeType": "host",
        "props": Object {
          "children": Array [
            <circle
              cx="12"
              cy="12"
              r="10"
            />,
            <circle
              cx="12"
              cy="12"
              r="6"
            />,
            <circle
              cx="12"
              cy="12"
              r="2"
            />,
          ],
          "fill": "none",
          "height": 36,
          "stroke": "currentColor",
          "strokeLinecap": "round",
          "strokeLinejoin": "round",
          "strokeWidth": "2",
          "viewBox": "0 0 24 24",
          "width": 36,
          "xmlns": "http://www.w3.org/2000/svg",
        },
        "ref": null,
        "rendered": Array [
          Object {
            "instance": <circle
              cx="12"
              cy="12"
              r="10"
            />,
            "key": undefined,
            "nodeType": "host",
            "props": Object {
              "cx": "12",
              "cy": "12",
              "r": "10",
            },
            "ref": null,
            "rendered": Array [
              undefined,
            ],
            "type": "circle",
          },
          Object {
            "instance": <circle
              cx="12"
              cy="12"
              r="6"
            />,
            "key": undefined,
            "nodeType": "host",
            "props": Object {
              "cx": "12",
              "cy": "12",
              "r": "6",
            },
            "ref": null,
            "rendered": Array [
              undefined,
            ],
            "type": "circle",
          },
          Object {
            "instance": <circle
              cx="12"
              cy="12"
              r="2"
            />,
            "key": undefined,
            "nodeType": "host",
            "props": Object {
              "cx": "12",
              "cy": "12",
              "r": "2",
            },
            "ref": null,
            "rendered": Array [
              undefined,
            ],
            "type": "circle",
          },
        ],
        "type": "svg",
      },
      "type": [Function],
    },
    "type": [Function],
  },
  Symbol(enzyme.__nodes__): Array [
    Object {
      "instance": null,
      "key": undefined,
      "nodeType": "function",
      "props": Object {
        "size": "md",
        "type": "target",
      },
      "ref": null,
      "rendered": Object {
        "instance": null,
        "key": undefined,
        "nodeType": "function",
        "props": Object {
          "color": "currentColor",
          "size": 36,
        },
        "ref": null,
        "rendered": Object {
          "instance": <svg
            fill="none"
            height="36"
            stroke="currentColor"
            stroke-linecap="round"
            stroke-linejoin="round"
            stroke-width="2"
            viewBox="0 0 24 24"
            width="36"
            xmlns="http://www.w3.org/2000/svg"
          >
            <circle
              cx="12"
              cy="12"
              r="10"
            />
            <circle
              cx="12"
              cy="12"
              r="6"
            />
            <circle
              cx="12"
              cy="12"
              r="2"
            />
          </svg>,
          "key": undefined,
          "nodeType": "host",
          "props": Object {
            "children": Array [
              <circle
                cx="12"
                cy="12"
                r="10"
              />,
              <circle
                cx="12"
                cy="12"
                r="6"
              />,
              <circle
                cx="12"
                cy="12"
                r="2"
              />,
            ],
            "fill": "none",
            "height": 36,
            "stroke": "currentColor",
            "strokeLinecap": "round",
            "strokeLinejoin": "round",
            "strokeWidth": "2",
            "viewBox": "0 0 24 24",
            "width": 36,
            "xmlns": "http://www.w3.org/2000/svg",
          },
          "ref": null,
          "rendered": Array [
            Object {
              "instance": <circle
                cx="12"
                cy="12"
                r="10"
              />,
              "key": undefined,
              "nodeType": "host",
              "props": Object {
                "cx": "12",
                "cy": "12",
                "r": "10",
              },
              "ref": null,
              "rendered": Array [
                undefined,
              ],
              "type": "circle",
            },
            Object {
              "instance": <circle
                cx="12"
                cy="12"
                r="6"
              />,
              "key": undefined,
              "nodeType": "host",
              "props": Object {
                "cx": "12",
                "cy": "12",
                "r": "6",
              },
              "ref": null,
              "rendered": Array [
                undefined,
              ],
              "type": "circle",
            },
            Object {
              "instance": <circle
                cx="12"
                cy="12"
                r="2"
              />,
              "key": undefined,
              "nodeType": "host",
              "props": Object {
                "cx": "12",
                "cy": "12",
                "r": "2",
              },
              "ref": null,
              "rendered": Array [
                undefined,
              ],
              "type": "circle",
            },
          ],
          "type": "svg",
        },
        "type": [Function],
      },
      "type": [Function],
    },
  ],
  Symbol(enzyme.__options__): Object {
    "adapter": ReactSixteenAdapter {
      "options": Object {
        "enableComponentDidUpdateOnSetState": true,
        "legacyContextMode": "parent",
        "lifecycles": Object {
          "componentDidUpdate": Object {
            "onSetState": true,
          },
          "getChildContext": Object {
            "calledByRenderer": false,
          },
          "getDerivedStateFromError": true,
          "getDerivedStateFromProps": Object {
            "hasShouldComponentUpdateBug": false,
          },
          "getSnapshotBeforeUpdate": true,
          "setState": Object {
            "skipsComponentDidUpdateOnNullish": true,
          },
        },
      },
    },
  },
}
`;
